[2024-05-14 08:25:57] production.INFO: Detected N+1 Query  
[2024-05-14 08:25:57] production.INFO: Model: App\Models\VidhanSabha
Relation: state
Num-Called: 27
Call-Stack:
#20 /storage/framework/views/8824b8595904715629f548249392a25f.php:26
#22 /vendor/laravel/framework/src/Illuminate/Filesystem/Filesystem.php:124
#23 /vendor/laravel/framework/src/Illuminate/View/Engines/PhpEngine.php:58
#24 /vendor/laravel/framework/src/Illuminate/View/Engines/CompilerEngine.php:72
#25 /vendor/laravel/framework/src/Illuminate/View/View.php:207
#26 /vendor/laravel/framework/src/Illuminate/View/View.php:190
#27 /vendor/laravel/framework/src/Illuminate/View/View.php:159
#28 /vendor/laravel/framework/src/Illuminate/Http/Response.php:69
#29 /vendor/laravel/framework/src/Illuminate/Http/Response.php:35
#30 /vendor/laravel/framework/src/Illuminate/Routing/Router.php:918
#31 /vendor/laravel/framework/src/Illuminate/Routing/Router.php:885
#32 /vendor/laravel/framework/src/Illuminate/Routing/Router.php:805
#33 /vendor/laravel/framework/src/Illuminate/Pipeline/Pipeline.php:144
#34 /app/Http/Middleware/RedirectIfNotAdmin.php:22
#35 /vendor/laravel/framework/src/Illuminate/Pipeline/Pipeline.php:183
#36 /app/Http/Middleware/LanguageMiddleware.php:21
#37 /vendor/laravel/framework/src/Illuminate/Pipeline/Pipeline.php:183
#38 /vendor/laravel/framework/src/Illuminate/Routing/Middleware/SubstituteBindings.php:50
#39 /vendor/laravel/framework/src/Illuminate/Pipeline/Pipeline.php:183
#40 /vendor/laravel/framework/src/Illuminate/Foundation/Http/Middleware/VerifyCsrfToken.php:78
#41 /vendor/laravel/framework/src/Illuminate/Pipeline/Pipeline.php:183
#42 /vendor/laravel/framework/src/Illuminate/View/Middleware/ShareErrorsFromSession.php:49
#43 /vendor/laravel/framework/src/Illuminate/Pipeline/Pipeline.php:183
#44 /vendor/laravel/framework/src/Illuminate/Session/Middleware/StartSession.php:121
#45 /vendor/laravel/framework/src/Illuminate/Session/Middleware/StartSession.php:64
#46 /vendor/laravel/framework/src/Illuminate/Pipeline/Pipeline.php:183
#47 /vendor/laravel/framework/src/Illuminate/Cookie/Middleware/AddQueuedCookiesToResponse.php:37
#48 /vendor/laravel/framework/src/Illuminate/Pipeline/Pipeline.php:183
#49 /vendor/laravel/framework/src/Illuminate/Cookie/Middleware/EncryptCookies.php:67
  
[2024-05-14 08:27:29] production.INFO: Detected N+1 Query  
[2024-05-14 08:27:29] production.INFO: Model: App\Models\Mla
Relation: vidhansabha
Num-Called: 4
Call-Stack:
#20 /storage/framework/views/4ef01490e44464287841d72c7f3b7316.php:25
#22 /vendor/laravel/framework/src/Illuminate/Filesystem/Filesystem.php:124
#23 /vendor/laravel/framework/src/Illuminate/View/Engines/PhpEngine.php:58
#24 /vendor/laravel/framework/src/Illuminate/View/Engines/CompilerEngine.php:72
#25 /vendor/laravel/framework/src/Illuminate/View/View.php:207
#26 /vendor/laravel/framework/src/Illuminate/View/View.php:190
#27 /vendor/laravel/framework/src/Illuminate/View/View.php:159
#28 /vendor/laravel/framework/src/Illuminate/Http/Response.php:69
#29 /vendor/laravel/framework/src/Illuminate/Http/Response.php:35
#30 /vendor/laravel/framework/src/Illuminate/Routing/Router.php:918
#31 /vendor/laravel/framework/src/Illuminate/Routing/Router.php:885
#32 /vendor/laravel/framework/src/Illuminate/Routing/Router.php:805
#33 /vendor/laravel/framework/src/Illuminate/Pipeline/Pipeline.php:144
#34 /app/Http/Middleware/RedirectIfNotAdmin.php:22
#35 /vendor/laravel/framework/src/Illuminate/Pipeline/Pipeline.php:183
#36 /app/Http/Middleware/LanguageMiddleware.php:21
#37 /vendor/laravel/framework/src/Illuminate/Pipeline/Pipeline.php:183
#38 /vendor/laravel/framework/src/Illuminate/Routing/Middleware/SubstituteBindings.php:50
#39 /vendor/laravel/framework/src/Illuminate/Pipeline/Pipeline.php:183
#40 /vendor/laravel/framework/src/Illuminate/Foundation/Http/Middleware/VerifyCsrfToken.php:78
#41 /vendor/laravel/framework/src/Illuminate/Pipeline/Pipeline.php:183
#42 /vendor/laravel/framework/src/Illuminate/View/Middleware/ShareErrorsFromSession.php:49
#43 /vendor/laravel/framework/src/Illuminate/Pipeline/Pipeline.php:183
#44 /vendor/laravel/framework/src/Illuminate/Session/Middleware/StartSession.php:121
#45 /vendor/laravel/framework/src/Illuminate/Session/Middleware/StartSession.php:64
#46 /vendor/laravel/framework/src/Illuminate/Pipeline/Pipeline.php:183
#47 /vendor/laravel/framework/src/Illuminate/Cookie/Middleware/AddQueuedCookiesToResponse.php:37
#48 /vendor/laravel/framework/src/Illuminate/Pipeline/Pipeline.php:183
#49 /vendor/laravel/framework/src/Illuminate/Cookie/Middleware/EncryptCookies.php:67
  
[2024-05-14 08:27:46] production.INFO: Detected N+1 Query  
[2024-05-14 08:27:46] production.INFO: Model: App\Models\Mla
Relation: vidhansabha
Num-Called: 4
Call-Stack:
#20 /storage/framework/views/4ef01490e44464287841d72c7f3b7316.php:25
#22 /vendor/laravel/framework/src/Illuminate/Filesystem/Filesystem.php:124
#23 /vendor/laravel/framework/src/Illuminate/View/Engines/PhpEngine.php:58
#24 /vendor/laravel/framework/src/Illuminate/View/Engines/CompilerEngine.php:72
#25 /vendor/laravel/framework/src/Illuminate/View/View.php:207
#26 /vendor/laravel/framework/src/Illuminate/View/View.php:190
#27 /vendor/laravel/framework/src/Illuminate/View/View.php:159
#28 /vendor/laravel/framework/src/Illuminate/Http/Response.php:69
#29 /vendor/laravel/framework/src/Illuminate/Http/Response.php:35
#30 /vendor/laravel/framework/src/Illuminate/Routing/Router.php:918
#31 /vendor/laravel/framework/src/Illuminate/Routing/Router.php:885
#32 /vendor/laravel/framework/src/Illuminate/Routing/Router.php:805
#33 /vendor/laravel/framework/src/Illuminate/Pipeline/Pipeline.php:144
#34 /app/Http/Middleware/RedirectIfNotAdmin.php:22
#35 /vendor/laravel/framework/src/Illuminate/Pipeline/Pipeline.php:183
#36 /app/Http/Middleware/LanguageMiddleware.php:21
#37 /vendor/laravel/framework/src/Illuminate/Pipeline/Pipeline.php:183
#38 /vendor/laravel/framework/src/Illuminate/Routing/Middleware/SubstituteBindings.php:50
#39 /vendor/laravel/framework/src/Illuminate/Pipeline/Pipeline.php:183
#40 /vendor/laravel/framework/src/Illuminate/Foundation/Http/Middleware/VerifyCsrfToken.php:78
#41 /vendor/laravel/framework/src/Illuminate/Pipeline/Pipeline.php:183
#42 /vendor/laravel/framework/src/Illuminate/View/Middleware/ShareErrorsFromSession.php:49
#43 /vendor/laravel/framework/src/Illuminate/Pipeline/Pipeline.php:183
#44 /vendor/laravel/framework/src/Illuminate/Session/Middleware/StartSession.php:121
#45 /vendor/laravel/framework/src/Illuminate/Session/Middleware/StartSession.php:64
#46 /vendor/laravel/framework/src/Illuminate/Pipeline/Pipeline.php:183
#47 /vendor/laravel/framework/src/Illuminate/Cookie/Middleware/AddQueuedCookiesToResponse.php:37
#48 /vendor/laravel/framework/src/Illuminate/Pipeline/Pipeline.php:183
#49 /vendor/laravel/framework/src/Illuminate/Cookie/Middleware/EncryptCookies.php:67
  
[2024-05-14 08:28:45] production.INFO: Detected N+1 Query  
[2024-05-14 08:28:45] production.INFO: Model: App\Models\VidhansabhaAdmin
Relation: vidhansabha
Num-Called: 3
Call-Stack:
#20 /storage/framework/views/d278fd38f8e4dd2545b0909acb671f6c.php:25
#22 /vendor/laravel/framework/src/Illuminate/Filesystem/Filesystem.php:124
#23 /vendor/laravel/framework/src/Illuminate/View/Engines/PhpEngine.php:58
#24 /vendor/laravel/framework/src/Illuminate/View/Engines/CompilerEngine.php:72
#25 /vendor/laravel/framework/src/Illuminate/View/View.php:207
#26 /vendor/laravel/framework/src/Illuminate/View/View.php:190
#27 /vendor/laravel/framework/src/Illuminate/View/View.php:159
#28 /vendor/laravel/framework/src/Illuminate/Http/Response.php:69
#29 /vendor/laravel/framework/src/Illuminate/Http/Response.php:35
#30 /vendor/laravel/framework/src/Illuminate/Routing/Router.php:918
#31 /vendor/laravel/framework/src/Illuminate/Routing/Router.php:885
#32 /vendor/laravel/framework/src/Illuminate/Routing/Router.php:805
#33 /vendor/laravel/framework/src/Illuminate/Pipeline/Pipeline.php:144
#34 /app/Http/Middleware/RedirectIfNotAdmin.php:22
#35 /vendor/laravel/framework/src/Illuminate/Pipeline/Pipeline.php:183
#36 /app/Http/Middleware/LanguageMiddleware.php:21
#37 /vendor/laravel/framework/src/Illuminate/Pipeline/Pipeline.php:183
#38 /vendor/laravel/framework/src/Illuminate/Routing/Middleware/SubstituteBindings.php:50
#39 /vendor/laravel/framework/src/Illuminate/Pipeline/Pipeline.php:183
#40 /vendor/laravel/framework/src/Illuminate/Foundation/Http/Middleware/VerifyCsrfToken.php:78
#41 /vendor/laravel/framework/src/Illuminate/Pipeline/Pipeline.php:183
#42 /vendor/laravel/framework/src/Illuminate/View/Middleware/ShareErrorsFromSession.php:49
#43 /vendor/laravel/framework/src/Illuminate/Pipeline/Pipeline.php:183
#44 /vendor/laravel/framework/src/Illuminate/Session/Middleware/StartSession.php:121
#45 /vendor/laravel/framework/src/Illuminate/Session/Middleware/StartSession.php:64
#46 /vendor/laravel/framework/src/Illuminate/Pipeline/Pipeline.php:183
#47 /vendor/laravel/framework/src/Illuminate/Cookie/Middleware/AddQueuedCookiesToResponse.php:37
#48 /vendor/laravel/framework/src/Illuminate/Pipeline/Pipeline.php:183
#49 /vendor/laravel/framework/src/Illuminate/Cookie/Middleware/EncryptCookies.php:67
  
[2024-05-14 08:42:53] production.INFO: Detected N+1 Query  
[2024-05-14 08:42:53] production.INFO: Model: App\Models\VidhanSabha
Relation: state
Num-Called: 27
Call-Stack:
#20 /storage/framework/views/8824b8595904715629f548249392a25f.php:26
#22 /vendor/laravel/framework/src/Illuminate/Filesystem/Filesystem.php:124
#23 /vendor/laravel/framework/src/Illuminate/View/Engines/PhpEngine.php:58
#24 /vendor/laravel/framework/src/Illuminate/View/Engines/CompilerEngine.php:72
#25 /vendor/laravel/framework/src/Illuminate/View/View.php:207
#26 /vendor/laravel/framework/src/Illuminate/View/View.php:190
#27 /vendor/laravel/framework/src/Illuminate/View/View.php:159
#28 /vendor/laravel/framework/src/Illuminate/Http/Response.php:69
#29 /vendor/laravel/framework/src/Illuminate/Http/Response.php:35
#30 /vendor/laravel/framework/src/Illuminate/Routing/Router.php:918
#31 /vendor/laravel/framework/src/Illuminate/Routing/Router.php:885
#32 /vendor/laravel/framework/src/Illuminate/Routing/Router.php:805
#33 /vendor/laravel/framework/src/Illuminate/Pipeline/Pipeline.php:144
#34 /app/Http/Middleware/RedirectIfNotAdmin.php:22
#35 /vendor/laravel/framework/src/Illuminate/Pipeline/Pipeline.php:183
#36 /app/Http/Middleware/LanguageMiddleware.php:21
#37 /vendor/laravel/framework/src/Illuminate/Pipeline/Pipeline.php:183
#38 /vendor/laravel/framework/src/Illuminate/Routing/Middleware/SubstituteBindings.php:50
#39 /vendor/laravel/framework/src/Illuminate/Pipeline/Pipeline.php:183
#40 /vendor/laravel/framework/src/Illuminate/Foundation/Http/Middleware/VerifyCsrfToken.php:78
#41 /vendor/laravel/framework/src/Illuminate/Pipeline/Pipeline.php:183
#42 /vendor/laravel/framework/src/Illuminate/View/Middleware/ShareErrorsFromSession.php:49
#43 /vendor/laravel/framework/src/Illuminate/Pipeline/Pipeline.php:183
#44 /vendor/laravel/framework/src/Illuminate/Session/Middleware/StartSession.php:121
#45 /vendor/laravel/framework/src/Illuminate/Session/Middleware/StartSession.php:64
#46 /vendor/laravel/framework/src/Illuminate/Pipeline/Pipeline.php:183
#47 /vendor/laravel/framework/src/Illuminate/Cookie/Middleware/AddQueuedCookiesToResponse.php:37
#48 /vendor/laravel/framework/src/Illuminate/Pipeline/Pipeline.php:183
#49 /vendor/laravel/framework/src/Illuminate/Cookie/Middleware/EncryptCookies.php:67
  
[2024-05-14 08:47:44] production.INFO: Detected N+1 Query  
[2024-05-14 08:47:44] production.INFO: Model: App\Models\Mla
Relation: vidhansabha
Num-Called: 4
Call-Stack:
#20 /storage/framework/views/4ef01490e44464287841d72c7f3b7316.php:25
#22 /vendor/laravel/framework/src/Illuminate/Filesystem/Filesystem.php:124
#23 /vendor/laravel/framework/src/Illuminate/View/Engines/PhpEngine.php:58
#24 /vendor/laravel/framework/src/Illuminate/View/Engines/CompilerEngine.php:72
#25 /vendor/laravel/framework/src/Illuminate/View/View.php:207
#26 /vendor/laravel/framework/src/Illuminate/View/View.php:190
#27 /vendor/laravel/framework/src/Illuminate/View/View.php:159
#28 /vendor/laravel/framework/src/Illuminate/Http/Response.php:69
#29 /vendor/laravel/framework/src/Illuminate/Http/Response.php:35
#30 /vendor/laravel/framework/src/Illuminate/Routing/Router.php:918
#31 /vendor/laravel/framework/src/Illuminate/Routing/Router.php:885
#32 /vendor/laravel/framework/src/Illuminate/Routing/Router.php:805
#33 /vendor/laravel/framework/src/Illuminate/Pipeline/Pipeline.php:144
#34 /app/Http/Middleware/RedirectIfNotAdmin.php:22
#35 /vendor/laravel/framework/src/Illuminate/Pipeline/Pipeline.php:183
#36 /app/Http/Middleware/LanguageMiddleware.php:21
#37 /vendor/laravel/framework/src/Illuminate/Pipeline/Pipeline.php:183
#38 /vendor/laravel/framework/src/Illuminate/Routing/Middleware/SubstituteBindings.php:50
#39 /vendor/laravel/framework/src/Illuminate/Pipeline/Pipeline.php:183
#40 /vendor/laravel/framework/src/Illuminate/Foundation/Http/Middleware/VerifyCsrfToken.php:78
#41 /vendor/laravel/framework/src/Illuminate/Pipeline/Pipeline.php:183
#42 /vendor/laravel/framework/src/Illuminate/View/Middleware/ShareErrorsFromSession.php:49
#43 /vendor/laravel/framework/src/Illuminate/Pipeline/Pipeline.php:183
#44 /vendor/laravel/framework/src/Illuminate/Session/Middleware/StartSession.php:121
#45 /vendor/laravel/framework/src/Illuminate/Session/Middleware/StartSession.php:64
#46 /vendor/laravel/framework/src/Illuminate/Pipeline/Pipeline.php:183
#47 /vendor/laravel/framework/src/Illuminate/Cookie/Middleware/AddQueuedCookiesToResponse.php:37
#48 /vendor/laravel/framework/src/Illuminate/Pipeline/Pipeline.php:183
#49 /vendor/laravel/framework/src/Illuminate/Cookie/Middleware/EncryptCookies.php:67
  
[2024-05-14 08:48:56] production.INFO: Detected N+1 Query  
[2024-05-14 08:48:56] production.INFO: Model: App\Models\VidhansabhaAdmin
Relation: vidhansabha
Num-Called: 3
Call-Stack:
#20 /storage/framework/views/d278fd38f8e4dd2545b0909acb671f6c.php:25
#22 /vendor/laravel/framework/src/Illuminate/Filesystem/Filesystem.php:124
#23 /vendor/laravel/framework/src/Illuminate/View/Engines/PhpEngine.php:58
#24 /vendor/laravel/framework/src/Illuminate/View/Engines/CompilerEngine.php:72
#25 /vendor/laravel/framework/src/Illuminate/View/View.php:207
#26 /vendor/laravel/framework/src/Illuminate/View/View.php:190
#27 /vendor/laravel/framework/src/Illuminate/View/View.php:159
#28 /vendor/laravel/framework/src/Illuminate/Http/Response.php:69
#29 /vendor/laravel/framework/src/Illuminate/Http/Response.php:35
#30 /vendor/laravel/framework/src/Illuminate/Routing/Router.php:918
#31 /vendor/laravel/framework/src/Illuminate/Routing/Router.php:885
#32 /vendor/laravel/framework/src/Illuminate/Routing/Router.php:805
#33 /vendor/laravel/framework/src/Illuminate/Pipeline/Pipeline.php:144
#34 /app/Http/Middleware/RedirectIfNotAdmin.php:22
#35 /vendor/laravel/framework/src/Illuminate/Pipeline/Pipeline.php:183
#36 /app/Http/Middleware/LanguageMiddleware.php:21
#37 /vendor/laravel/framework/src/Illuminate/Pipeline/Pipeline.php:183
#38 /vendor/laravel/framework/src/Illuminate/Routing/Middleware/SubstituteBindings.php:50
#39 /vendor/laravel/framework/src/Illuminate/Pipeline/Pipeline.php:183
#40 /vendor/laravel/framework/src/Illuminate/Foundation/Http/Middleware/VerifyCsrfToken.php:78
#41 /vendor/laravel/framework/src/Illuminate/Pipeline/Pipeline.php:183
#42 /vendor/laravel/framework/src/Illuminate/View/Middleware/ShareErrorsFromSession.php:49
#43 /vendor/laravel/framework/src/Illuminate/Pipeline/Pipeline.php:183
#44 /vendor/laravel/framework/src/Illuminate/Session/Middleware/StartSession.php:121
#45 /vendor/laravel/framework/src/Illuminate/Session/Middleware/StartSession.php:64
#46 /vendor/laravel/framework/src/Illuminate/Pipeline/Pipeline.php:183
#47 /vendor/laravel/framework/src/Illuminate/Cookie/Middleware/AddQueuedCookiesToResponse.php:37
#48 /vendor/laravel/framework/src/Illuminate/Pipeline/Pipeline.php:183
#49 /vendor/laravel/framework/src/Illuminate/Cookie/Middleware/EncryptCookies.php:67
  
[2024-05-14 08:50:57] production.INFO: Detected N+1 Query  
[2024-05-14 08:50:57] production.INFO: Model: App\Models\VidhansabhaAdmin
Relation: vidhansabha
Num-Called: 3
Call-Stack:
#20 /storage/framework/views/d278fd38f8e4dd2545b0909acb671f6c.php:25
#22 /vendor/laravel/framework/src/Illuminate/Filesystem/Filesystem.php:124
#23 /vendor/laravel/framework/src/Illuminate/View/Engines/PhpEngine.php:58
#24 /vendor/laravel/framework/src/Illuminate/View/Engines/CompilerEngine.php:72
#25 /vendor/laravel/framework/src/Illuminate/View/View.php:207
#26 /vendor/laravel/framework/src/Illuminate/View/View.php:190
#27 /vendor/laravel/framework/src/Illuminate/View/View.php:159
#28 /vendor/laravel/framework/src/Illuminate/Http/Response.php:69
#29 /vendor/laravel/framework/src/Illuminate/Http/Response.php:35
#30 /vendor/laravel/framework/src/Illuminate/Routing/Router.php:918
#31 /vendor/laravel/framework/src/Illuminate/Routing/Router.php:885
#32 /vendor/laravel/framework/src/Illuminate/Routing/Router.php:805
#33 /vendor/laravel/framework/src/Illuminate/Pipeline/Pipeline.php:144
#34 /app/Http/Middleware/RedirectIfNotAdmin.php:22
#35 /vendor/laravel/framework/src/Illuminate/Pipeline/Pipeline.php:183
#36 /app/Http/Middleware/LanguageMiddleware.php:21
#37 /vendor/laravel/framework/src/Illuminate/Pipeline/Pipeline.php:183
#38 /vendor/laravel/framework/src/Illuminate/Routing/Middleware/SubstituteBindings.php:50
#39 /vendor/laravel/framework/src/Illuminate/Pipeline/Pipeline.php:183
#40 /vendor/laravel/framework/src/Illuminate/Foundation/Http/Middleware/VerifyCsrfToken.php:78
#41 /vendor/laravel/framework/src/Illuminate/Pipeline/Pipeline.php:183
#42 /vendor/laravel/framework/src/Illuminate/View/Middleware/ShareErrorsFromSession.php:49
#43 /vendor/laravel/framework/src/Illuminate/Pipeline/Pipeline.php:183
#44 /vendor/laravel/framework/src/Illuminate/Session/Middleware/StartSession.php:121
#45 /vendor/laravel/framework/src/Illuminate/Session/Middleware/StartSession.php:64
#46 /vendor/laravel/framework/src/Illuminate/Pipeline/Pipeline.php:183
#47 /vendor/laravel/framework/src/Illuminate/Cookie/Middleware/AddQueuedCookiesToResponse.php:37
#48 /vendor/laravel/framework/src/Illuminate/Pipeline/Pipeline.php:183
#49 /vendor/laravel/framework/src/Illuminate/Cookie/Middleware/EncryptCookies.php:67
  
[2024-05-14 09:05:23] production.INFO: Detected N+1 Query  
[2024-05-14 09:05:23] production.INFO: Model: App\Models\VidhanSabha
Relation: state
Num-Called: 27
Call-Stack:
#20 /storage/framework/views/8824b8595904715629f548249392a25f.php:26
#22 /vendor/laravel/framework/src/Illuminate/Filesystem/Filesystem.php:124
#23 /vendor/laravel/framework/src/Illuminate/View/Engines/PhpEngine.php:58
#24 /vendor/laravel/framework/src/Illuminate/View/Engines/CompilerEngine.php:72
#25 /vendor/laravel/framework/src/Illuminate/View/View.php:207
#26 /vendor/laravel/framework/src/Illuminate/View/View.php:190
#27 /vendor/laravel/framework/src/Illuminate/View/View.php:159
#28 /vendor/laravel/framework/src/Illuminate/Http/Response.php:69
#29 /vendor/laravel/framework/src/Illuminate/Http/Response.php:35
#30 /vendor/laravel/framework/src/Illuminate/Routing/Router.php:918
#31 /vendor/laravel/framework/src/Illuminate/Routing/Router.php:885
#32 /vendor/laravel/framework/src/Illuminate/Routing/Router.php:805
#33 /vendor/laravel/framework/src/Illuminate/Pipeline/Pipeline.php:144
#34 /app/Http/Middleware/RedirectIfNotAdmin.php:22
#35 /vendor/laravel/framework/src/Illuminate/Pipeline/Pipeline.php:183
#36 /app/Http/Middleware/LanguageMiddleware.php:21
#37 /vendor/laravel/framework/src/Illuminate/Pipeline/Pipeline.php:183
#38 /vendor/laravel/framework/src/Illuminate/Routing/Middleware/SubstituteBindings.php:50
#39 /vendor/laravel/framework/src/Illuminate/Pipeline/Pipeline.php:183
#40 /vendor/laravel/framework/src/Illuminate/Foundation/Http/Middleware/VerifyCsrfToken.php:78
#41 /vendor/laravel/framework/src/Illuminate/Pipeline/Pipeline.php:183
#42 /vendor/laravel/framework/src/Illuminate/View/Middleware/ShareErrorsFromSession.php:49
#43 /vendor/laravel/framework/src/Illuminate/Pipeline/Pipeline.php:183
#44 /vendor/laravel/framework/src/Illuminate/Session/Middleware/StartSession.php:121
#45 /vendor/laravel/framework/src/Illuminate/Session/Middleware/StartSession.php:64
#46 /vendor/laravel/framework/src/Illuminate/Pipeline/Pipeline.php:183
#47 /vendor/laravel/framework/src/Illuminate/Cookie/Middleware/AddQueuedCookiesToResponse.php:37
#48 /vendor/laravel/framework/src/Illuminate/Pipeline/Pipeline.php:183
#49 /vendor/laravel/framework/src/Illuminate/Cookie/Middleware/EncryptCookies.php:67
  
[2024-05-14 09:06:35] production.INFO: Detected N+1 Query  
[2024-05-14 09:06:35] production.INFO: Model: App\Models\VidhansabhaAdmin
Relation: vidhansabha
Num-Called: 3
Call-Stack:
#20 /storage/framework/views/d278fd38f8e4dd2545b0909acb671f6c.php:25
#22 /vendor/laravel/framework/src/Illuminate/Filesystem/Filesystem.php:124
#23 /vendor/laravel/framework/src/Illuminate/View/Engines/PhpEngine.php:58
#24 /vendor/laravel/framework/src/Illuminate/View/Engines/CompilerEngine.php:72
#25 /vendor/laravel/framework/src/Illuminate/View/View.php:207
#26 /vendor/laravel/framework/src/Illuminate/View/View.php:190
#27 /vendor/laravel/framework/src/Illuminate/View/View.php:159
#28 /vendor/laravel/framework/src/Illuminate/Http/Response.php:69
#29 /vendor/laravel/framework/src/Illuminate/Http/Response.php:35
#30 /vendor/laravel/framework/src/Illuminate/Routing/Router.php:918
#31 /vendor/laravel/framework/src/Illuminate/Routing/Router.php:885
#32 /vendor/laravel/framework/src/Illuminate/Routing/Router.php:805
#33 /vendor/laravel/framework/src/Illuminate/Pipeline/Pipeline.php:144
#34 /app/Http/Middleware/RedirectIfNotAdmin.php:22
#35 /vendor/laravel/framework/src/Illuminate/Pipeline/Pipeline.php:183
#36 /app/Http/Middleware/LanguageMiddleware.php:21
#37 /vendor/laravel/framework/src/Illuminate/Pipeline/Pipeline.php:183
#38 /vendor/laravel/framework/src/Illuminate/Routing/Middleware/SubstituteBindings.php:50
#39 /vendor/laravel/framework/src/Illuminate/Pipeline/Pipeline.php:183
#40 /vendor/laravel/framework/src/Illuminate/Foundation/Http/Middleware/VerifyCsrfToken.php:78
#41 /vendor/laravel/framework/src/Illuminate/Pipeline/Pipeline.php:183
#42 /vendor/laravel/framework/src/Illuminate/View/Middleware/ShareErrorsFromSession.php:49
#43 /vendor/laravel/framework/src/Illuminate/Pipeline/Pipeline.php:183
#44 /vendor/laravel/framework/src/Illuminate/Session/Middleware/StartSession.php:121
#45 /vendor/laravel/framework/src/Illuminate/Session/Middleware/StartSession.php:64
#46 /vendor/laravel/framework/src/Illuminate/Pipeline/Pipeline.php:183
#47 /vendor/laravel/framework/src/Illuminate/Cookie/Middleware/AddQueuedCookiesToResponse.php:37
#48 /vendor/laravel/framework/src/Illuminate/Pipeline/Pipeline.php:183
#49 /vendor/laravel/framework/src/Illuminate/Cookie/Middleware/EncryptCookies.php:67
  
[2024-05-14 09:07:34] production.INFO: Detected N+1 Query  
[2024-05-14 09:07:34] production.INFO: Model: App\Models\VidhansabhaAdmin
Relation: vidhansabha
Num-Called: 3
Call-Stack:
#20 /storage/framework/views/d278fd38f8e4dd2545b0909acb671f6c.php:25
#22 /vendor/laravel/framework/src/Illuminate/Filesystem/Filesystem.php:124
#23 /vendor/laravel/framework/src/Illuminate/View/Engines/PhpEngine.php:58
#24 /vendor/laravel/framework/src/Illuminate/View/Engines/CompilerEngine.php:72
#25 /vendor/laravel/framework/src/Illuminate/View/View.php:207
#26 /vendor/laravel/framework/src/Illuminate/View/View.php:190
#27 /vendor/laravel/framework/src/Illuminate/View/View.php:159
#28 /vendor/laravel/framework/src/Illuminate/Http/Response.php:69
#29 /vendor/laravel/framework/src/Illuminate/Http/Response.php:35
#30 /vendor/laravel/framework/src/Illuminate/Routing/Router.php:918
#31 /vendor/laravel/framework/src/Illuminate/Routing/Router.php:885
#32 /vendor/laravel/framework/src/Illuminate/Routing/Router.php:805
#33 /vendor/laravel/framework/src/Illuminate/Pipeline/Pipeline.php:144
#34 /app/Http/Middleware/RedirectIfNotAdmin.php:22
#35 /vendor/laravel/framework/src/Illuminate/Pipeline/Pipeline.php:183
#36 /app/Http/Middleware/LanguageMiddleware.php:21
#37 /vendor/laravel/framework/src/Illuminate/Pipeline/Pipeline.php:183
#38 /vendor/laravel/framework/src/Illuminate/Routing/Middleware/SubstituteBindings.php:50
#39 /vendor/laravel/framework/src/Illuminate/Pipeline/Pipeline.php:183
#40 /vendor/laravel/framework/src/Illuminate/Foundation/Http/Middleware/VerifyCsrfToken.php:78
#41 /vendor/laravel/framework/src/Illuminate/Pipeline/Pipeline.php:183
#42 /vendor/laravel/framework/src/Illuminate/View/Middleware/ShareErrorsFromSession.php:49
#43 /vendor/laravel/framework/src/Illuminate/Pipeline/Pipeline.php:183
#44 /vendor/laravel/framework/src/Illuminate/Session/Middleware/StartSession.php:121
#45 /vendor/laravel/framework/src/Illuminate/Session/Middleware/StartSession.php:64
#46 /vendor/laravel/framework/src/Illuminate/Pipeline/Pipeline.php:183
#47 /vendor/laravel/framework/src/Illuminate/Cookie/Middleware/AddQueuedCookiesToResponse.php:37
#48 /vendor/laravel/framework/src/Illuminate/Pipeline/Pipeline.php:183
#49 /vendor/laravel/framework/src/Illuminate/Cookie/Middleware/EncryptCookies.php:67
  
[2024-05-14 09:08:31] production.INFO: Detected N+1 Query  
[2024-05-14 09:08:31] production.INFO: Model: App\Models\VidhansabhaAdmin
Relation: vidhansabha
Num-Called: 3
Call-Stack:
#20 /storage/framework/views/d278fd38f8e4dd2545b0909acb671f6c.php:25
#22 /vendor/laravel/framework/src/Illuminate/Filesystem/Filesystem.php:124
#23 /vendor/laravel/framework/src/Illuminate/View/Engines/PhpEngine.php:58
#24 /vendor/laravel/framework/src/Illuminate/View/Engines/CompilerEngine.php:72
#25 /vendor/laravel/framework/src/Illuminate/View/View.php:207
#26 /vendor/laravel/framework/src/Illuminate/View/View.php:190
#27 /vendor/laravel/framework/src/Illuminate/View/View.php:159
#28 /vendor/laravel/framework/src/Illuminate/Http/Response.php:69
#29 /vendor/laravel/framework/src/Illuminate/Http/Response.php:35
#30 /vendor/laravel/framework/src/Illuminate/Routing/Router.php:918
#31 /vendor/laravel/framework/src/Illuminate/Routing/Router.php:885
#32 /vendor/laravel/framework/src/Illuminate/Routing/Router.php:805
#33 /vendor/laravel/framework/src/Illuminate/Pipeline/Pipeline.php:144
#34 /app/Http/Middleware/RedirectIfNotAdmin.php:22
#35 /vendor/laravel/framework/src/Illuminate/Pipeline/Pipeline.php:183
#36 /app/Http/Middleware/LanguageMiddleware.php:21
#37 /vendor/laravel/framework/src/Illuminate/Pipeline/Pipeline.php:183
#38 /vendor/laravel/framework/src/Illuminate/Routing/Middleware/SubstituteBindings.php:50
#39 /vendor/laravel/framework/src/Illuminate/Pipeline/Pipeline.php:183
#40 /vendor/laravel/framework/src/Illuminate/Foundation/Http/Middleware/VerifyCsrfToken.php:78
#41 /vendor/laravel/framework/src/Illuminate/Pipeline/Pipeline.php:183
#42 /vendor/laravel/framework/src/Illuminate/View/Middleware/ShareErrorsFromSession.php:49
#43 /vendor/laravel/framework/src/Illuminate/Pipeline/Pipeline.php:183
#44 /vendor/laravel/framework/src/Illuminate/Session/Middleware/StartSession.php:121
#45 /vendor/laravel/framework/src/Illuminate/Session/Middleware/StartSession.php:64
#46 /vendor/laravel/framework/src/Illuminate/Pipeline/Pipeline.php:183
#47 /vendor/laravel/framework/src/Illuminate/Cookie/Middleware/AddQueuedCookiesToResponse.php:37
#48 /vendor/laravel/framework/src/Illuminate/Pipeline/Pipeline.php:183
#49 /vendor/laravel/framework/src/Illuminate/Cookie/Middleware/EncryptCookies.php:67
  
[2024-05-14 09:09:00] production.INFO: Detected N+1 Query  
[2024-05-14 09:09:00] production.INFO: Model: App\Models\VidhansabhaAdmin
Relation: vidhansabha
Num-Called: 3
Call-Stack:
#20 /storage/framework/views/d278fd38f8e4dd2545b0909acb671f6c.php:25
#22 /vendor/laravel/framework/src/Illuminate/Filesystem/Filesystem.php:124
#23 /vendor/laravel/framework/src/Illuminate/View/Engines/PhpEngine.php:58
#24 /vendor/laravel/framework/src/Illuminate/View/Engines/CompilerEngine.php:72
#25 /vendor/laravel/framework/src/Illuminate/View/View.php:207
#26 /vendor/laravel/framework/src/Illuminate/View/View.php:190
#27 /vendor/laravel/framework/src/Illuminate/View/View.php:159
#28 /vendor/laravel/framework/src/Illuminate/Http/Response.php:69
#29 /vendor/laravel/framework/src/Illuminate/Http/Response.php:35
#30 /vendor/laravel/framework/src/Illuminate/Routing/Router.php:918
#31 /vendor/laravel/framework/src/Illuminate/Routing/Router.php:885
#32 /vendor/laravel/framework/src/Illuminate/Routing/Router.php:805
#33 /vendor/laravel/framework/src/Illuminate/Pipeline/Pipeline.php:144
#34 /app/Http/Middleware/RedirectIfNotAdmin.php:22
#35 /vendor/laravel/framework/src/Illuminate/Pipeline/Pipeline.php:183
#36 /app/Http/Middleware/LanguageMiddleware.php:21
#37 /vendor/laravel/framework/src/Illuminate/Pipeline/Pipeline.php:183
#38 /vendor/laravel/framework/src/Illuminate/Routing/Middleware/SubstituteBindings.php:50
#39 /vendor/laravel/framework/src/Illuminate/Pipeline/Pipeline.php:183
#40 /vendor/laravel/framework/src/Illuminate/Foundation/Http/Middleware/VerifyCsrfToken.php:78
#41 /vendor/laravel/framework/src/Illuminate/Pipeline/Pipeline.php:183
#42 /vendor/laravel/framework/src/Illuminate/View/Middleware/ShareErrorsFromSession.php:49
#43 /vendor/laravel/framework/src/Illuminate/Pipeline/Pipeline.php:183
#44 /vendor/laravel/framework/src/Illuminate/Session/Middleware/StartSession.php:121
#45 /vendor/laravel/framework/src/Illuminate/Session/Middleware/StartSession.php:64
#46 /vendor/laravel/framework/src/Illuminate/Pipeline/Pipeline.php:183
#47 /vendor/laravel/framework/src/Illuminate/Cookie/Middleware/AddQueuedCookiesToResponse.php:37
#48 /vendor/laravel/framework/src/Illuminate/Pipeline/Pipeline.php:183
#49 /vendor/laravel/framework/src/Illuminate/Cookie/Middleware/EncryptCookies.php:67
  
[2024-05-14 09:09:18] production.INFO: Detected N+1 Query  
[2024-05-14 09:09:18] production.INFO: Model: App\Models\VidhansabhaAdmin
Relation: vidhansabha
Num-Called: 3
Call-Stack:
#20 /storage/framework/views/d278fd38f8e4dd2545b0909acb671f6c.php:25
#22 /vendor/laravel/framework/src/Illuminate/Filesystem/Filesystem.php:124
#23 /vendor/laravel/framework/src/Illuminate/View/Engines/PhpEngine.php:58
#24 /vendor/laravel/framework/src/Illuminate/View/Engines/CompilerEngine.php:72
#25 /vendor/laravel/framework/src/Illuminate/View/View.php:207
#26 /vendor/laravel/framework/src/Illuminate/View/View.php:190
#27 /vendor/laravel/framework/src/Illuminate/View/View.php:159
#28 /vendor/laravel/framework/src/Illuminate/Http/Response.php:69
#29 /vendor/laravel/framework/src/Illuminate/Http/Response.php:35
#30 /vendor/laravel/framework/src/Illuminate/Routing/Router.php:918
#31 /vendor/laravel/framework/src/Illuminate/Routing/Router.php:885
#32 /vendor/laravel/framework/src/Illuminate/Routing/Router.php:805
#33 /vendor/laravel/framework/src/Illuminate/Pipeline/Pipeline.php:144
#34 /app/Http/Middleware/RedirectIfNotAdmin.php:22
#35 /vendor/laravel/framework/src/Illuminate/Pipeline/Pipeline.php:183
#36 /app/Http/Middleware/LanguageMiddleware.php:21
#37 /vendor/laravel/framework/src/Illuminate/Pipeline/Pipeline.php:183
#38 /vendor/laravel/framework/src/Illuminate/Routing/Middleware/SubstituteBindings.php:50
#39 /vendor/laravel/framework/src/Illuminate/Pipeline/Pipeline.php:183
#40 /vendor/laravel/framework/src/Illuminate/Foundation/Http/Middleware/VerifyCsrfToken.php:78
#41 /vendor/laravel/framework/src/Illuminate/Pipeline/Pipeline.php:183
#42 /vendor/laravel/framework/src/Illuminate/View/Middleware/ShareErrorsFromSession.php:49
#43 /vendor/laravel/framework/src/Illuminate/Pipeline/Pipeline.php:183
#44 /vendor/laravel/framework/src/Illuminate/Session/Middleware/StartSession.php:121
#45 /vendor/laravel/framework/src/Illuminate/Session/Middleware/StartSession.php:64
#46 /vendor/laravel/framework/src/Illuminate/Pipeline/Pipeline.php:183
#47 /vendor/laravel/framework/src/Illuminate/Cookie/Middleware/AddQueuedCookiesToResponse.php:37
#48 /vendor/laravel/framework/src/Illuminate/Pipeline/Pipeline.php:183
#49 /vendor/laravel/framework/src/Illuminate/Cookie/Middleware/EncryptCookies.php:67
  
[2024-05-14 10:15:28] production.INFO: Detected N+1 Query  
[2024-05-14 10:15:28] production.INFO: Model: App\Models\Mla
Relation: vidhansabha
Num-Called: 4
Call-Stack:
#20 /storage/framework/views/4ef01490e44464287841d72c7f3b7316.php:25
#22 /vendor/laravel/framework/src/Illuminate/Filesystem/Filesystem.php:124
#23 /vendor/laravel/framework/src/Illuminate/View/Engines/PhpEngine.php:58
#24 /vendor/laravel/framework/src/Illuminate/View/Engines/CompilerEngine.php:72
#25 /vendor/laravel/framework/src/Illuminate/View/View.php:207
#26 /vendor/laravel/framework/src/Illuminate/View/View.php:190
#27 /vendor/laravel/framework/src/Illuminate/View/View.php:159
#28 /vendor/laravel/framework/src/Illuminate/Http/Response.php:69
#29 /vendor/laravel/framework/src/Illuminate/Http/Response.php:35
#30 /vendor/laravel/framework/src/Illuminate/Routing/Router.php:918
#31 /vendor/laravel/framework/src/Illuminate/Routing/Router.php:885
#32 /vendor/laravel/framework/src/Illuminate/Routing/Router.php:805
#33 /vendor/laravel/framework/src/Illuminate/Pipeline/Pipeline.php:144
#34 /app/Http/Middleware/RedirectIfNotAdmin.php:22
#35 /vendor/laravel/framework/src/Illuminate/Pipeline/Pipeline.php:183
#36 /app/Http/Middleware/LanguageMiddleware.php:21
#37 /vendor/laravel/framework/src/Illuminate/Pipeline/Pipeline.php:183
#38 /vendor/laravel/framework/src/Illuminate/Routing/Middleware/SubstituteBindings.php:50
#39 /vendor/laravel/framework/src/Illuminate/Pipeline/Pipeline.php:183
#40 /vendor/laravel/framework/src/Illuminate/Foundation/Http/Middleware/VerifyCsrfToken.php:78
#41 /vendor/laravel/framework/src/Illuminate/Pipeline/Pipeline.php:183
#42 /vendor/laravel/framework/src/Illuminate/View/Middleware/ShareErrorsFromSession.php:49
#43 /vendor/laravel/framework/src/Illuminate/Pipeline/Pipeline.php:183
#44 /vendor/laravel/framework/src/Illuminate/Session/Middleware/StartSession.php:121
#45 /vendor/laravel/framework/src/Illuminate/Session/Middleware/StartSession.php:64
#46 /vendor/laravel/framework/src/Illuminate/Pipeline/Pipeline.php:183
#47 /vendor/laravel/framework/src/Illuminate/Cookie/Middleware/AddQueuedCookiesToResponse.php:37
#48 /vendor/laravel/framework/src/Illuminate/Pipeline/Pipeline.php:183
#49 /vendor/laravel/framework/src/Illuminate/Cookie/Middleware/EncryptCookies.php:67
  
